pkg_config: checking for pkg-config for cmark-gfm... -------------------- not found

DYLD_LIBRARY_PATH=.:/Users/ttscoff/mise/installs/ruby/3.4.4/lib ASAN_OPTIONS=detect_leaks=0 pkg-config --exists cmark-gfm
package configuration for cmark-gfm is not found
--------------------

have_header: checking for cmark-gfm-core-extensions.h... -------------------- yes

DYLD_LIBRARY_PATH=.:/Users/ttscoff/mise/installs/ruby/3.4.4/lib ASAN_OPTIONS=detect_leaks=0 "clang -o conftest -I/Users/ttscoff/mise/installs/ruby/3.4.4/include/ruby-3.4.0/arm64-darwin25 -I/Users/ttscoff/mise/installs/ruby/3.4.4/include/ruby-3.4.0/ruby/backward -I/Users/ttscoff/mise/installs/ruby/3.4.4/include/ruby-3.4.0 -I. -I/Users/ttscoff/Desktop/Code/apex-ruby/ext/apex_ext/apex_src/include -I/Users/ttscoff/Desktop/Code/apex-ruby/ext/apex_ext/apex_src/PackageSupport/cmark-gfm -I/Users/ttscoff/Desktop/Code/apex-ruby/ext/apex_ext/apex_src/vendor/cmark-gfm/src -I/Users/ttscoff/Desktop/Code/apex-ruby/ext/apex_ext/apex_src/vendor/cmark-gfm/extensions -D_XOPEN_SOURCE -D_DARWIN_C_SOURCE -D_DARWIN_UNLIMITED_SELECT -D_REENTRANT   -fstack-protector-strong -U_FORTIFY_SOURCE -D_FORTIFY_SOURCE=2 -fdeclspec  -O3 -fno-fast-math -ggdb3 -Wall -Wextra -Wextra-tokens -Wdeprecated-declarations -Wdivision-by-zero -Wdiv-by-zero -Wimplicit-function-declaration -Wimplicit-int -Wpointer-arith -Wshorten-64-to-32 -Wwrite-strings -Wold-style-definition -Wmissing-noreturn -Wno-cast-function-type -Wno-constant-logical-operand -Wno-long-long -Wno-missing-field-initializers -Wno-overlength-strings -Wno-parentheses-equality -Wno-self-assign -Wno-tautological-compare -Wno-unused-parameter -Wno-unused-value -Wunused-variable -Wmisleading-indentation -Wundef -fno-common -pipe conftest.c -L. -L/Users/ttscoff/mise/installs/ruby/3.4.4/lib -L. -fstack-protector-strong -L/opt/homebrew/Cellar/gmp/6.3.0/lib  -arch arm64   -lruby.3.4  -lpthread  "
In file included from conftest.c:1:
In file included from /Users/ttscoff/mise/installs/ruby/3.4.4/include/ruby-3.4.0/ruby.h:38:
In file included from /Users/ttscoff/mise/installs/ruby/3.4.4/include/ruby-3.4.0/ruby/ruby.h:28:
In file included from /Users/ttscoff/mise/installs/ruby/3.4.4/include/ruby-3.4.0/ruby/internal/arithmetic.h:24:
In file included from /Users/ttscoff/mise/installs/ruby/3.4.4/include/ruby-3.4.0/ruby/internal/arithmetic/char.h:29:
/Users/ttscoff/mise/installs/ruby/3.4.4/include/ruby-3.4.0/ruby/internal/core/rstring.h:398:24: warning: default initialization of an object of type 'struct RString' with const member leaves the object uninitialized [-Wdefault-const-init-field-unsafe]
  398 |         struct RString retval;
      |                        ^
/Users/ttscoff/mise/installs/ruby/3.4.4/include/ruby-3.4.0/ruby/internal/core/rbasic.h:86:17: note: member 'klass' declared 'const' here
   86 |     const VALUE klass;
      |                 ^
1 warning generated.
checked program was:
/* begin */
1: #include "ruby.h"
2: 
3: int main(int argc, char **argv)
4: {
5:   return !!argv[argc];
6: }
/* end */

DYLD_LIBRARY_PATH=.:/Users/ttscoff/mise/installs/ruby/3.4.4/lib ASAN_OPTIONS=detect_leaks=0 "clang -I/Users/ttscoff/mise/installs/ruby/3.4.4/include/ruby-3.4.0/arm64-darwin25 -I/Users/ttscoff/mise/installs/ruby/3.4.4/include/ruby-3.4.0/ruby/backward -I/Users/ttscoff/mise/installs/ruby/3.4.4/include/ruby-3.4.0 -I. -I/Users/ttscoff/Desktop/Code/apex-ruby/ext/apex_ext/apex_src/include -I/Users/ttscoff/Desktop/Code/apex-ruby/ext/apex_ext/apex_src/PackageSupport/cmark-gfm -I/Users/ttscoff/Desktop/Code/apex-ruby/ext/apex_ext/apex_src/vendor/cmark-gfm/src -I/Users/ttscoff/Desktop/Code/apex-ruby/ext/apex_ext/apex_src/vendor/cmark-gfm/extensions -D_XOPEN_SOURCE -D_DARWIN_C_SOURCE -D_DARWIN_UNLIMITED_SELECT -D_REENTRANT   -fstack-protector-strong -U_FORTIFY_SOURCE -D_FORTIFY_SOURCE=2 -fdeclspec  -O3 -fno-fast-math -ggdb3 -Wall -Wextra -Wextra-tokens -Wdeprecated-declarations -Wdivision-by-zero -Wdiv-by-zero -Wimplicit-function-declaration -Wimplicit-int -Wpointer-arith -Wshorten-64-to-32 -Wwrite-strings -Wold-style-definition -Wmissing-noreturn -Wno-cast-function-type -Wno-constant-logical-operand -Wno-long-long -Wno-missing-field-initializers -Wno-overlength-strings -Wno-parentheses-equality -Wno-self-assign -Wno-tautological-compare -Wno-unused-parameter -Wno-unused-value -Wunused-variable -Wmisleading-indentation -Wundef -fno-common -pipe -arch arm64  -c conftest.c"
In file included from conftest.c:1:
In file included from /Users/ttscoff/mise/installs/ruby/3.4.4/include/ruby-3.4.0/ruby.h:38:
In file included from /Users/ttscoff/mise/installs/ruby/3.4.4/include/ruby-3.4.0/ruby/ruby.h:28:
In file included from /Users/ttscoff/mise/installs/ruby/3.4.4/include/ruby-3.4.0/ruby/internal/arithmetic.h:24:
In file included from /Users/ttscoff/mise/installs/ruby/3.4.4/include/ruby-3.4.0/ruby/internal/arithmetic/char.h:29:
/Users/ttscoff/mise/installs/ruby/3.4.4/include/ruby-3.4.0/ruby/internal/core/rstring.h:398:24: warning: default initialization of an object of type 'struct RString' with const member leaves the object uninitialized [-Wdefault-const-init-field-unsafe]
  398 |         struct RString retval;
      |                        ^
/Users/ttscoff/mise/installs/ruby/3.4.4/include/ruby-3.4.0/ruby/internal/core/rbasic.h:86:17: note: member 'klass' declared 'const' here
   86 |     const VALUE klass;
      |                 ^
1 warning generated.
checked program was:
/* begin */
1: #include "ruby.h"
2: 
3: #include <cmark-gfm-core-extensions.h>
/* end */

--------------------

have_library: checking for -lcmark-gfm... -------------------- yes

DYLD_LIBRARY_PATH=.:/Users/ttscoff/mise/installs/ruby/3.4.4/lib ASAN_OPTIONS=detect_leaks=0 "clang -o conftest -I/Users/ttscoff/mise/installs/ruby/3.4.4/include/ruby-3.4.0/arm64-darwin25 -I/Users/ttscoff/mise/installs/ruby/3.4.4/include/ruby-3.4.0/ruby/backward -I/Users/ttscoff/mise/installs/ruby/3.4.4/include/ruby-3.4.0 -I. -I/Users/ttscoff/Desktop/Code/apex-ruby/ext/apex_ext/apex_src/include -I/Users/ttscoff/Desktop/Code/apex-ruby/ext/apex_ext/apex_src/PackageSupport/cmark-gfm -I/Users/ttscoff/Desktop/Code/apex-ruby/ext/apex_ext/apex_src/vendor/cmark-gfm/src -I/Users/ttscoff/Desktop/Code/apex-ruby/ext/apex_ext/apex_src/vendor/cmark-gfm/extensions -D_XOPEN_SOURCE -D_DARWIN_C_SOURCE -D_DARWIN_UNLIMITED_SELECT -D_REENTRANT   -fstack-protector-strong -U_FORTIFY_SOURCE -D_FORTIFY_SOURCE=2 -fdeclspec  -O3 -fno-fast-math -ggdb3 -Wall -Wextra -Wextra-tokens -Wdeprecated-declarations -Wdivision-by-zero -Wdiv-by-zero -Wimplicit-function-declaration -Wimplicit-int -Wpointer-arith -Wshorten-64-to-32 -Wwrite-strings -Wold-style-definition -Wmissing-noreturn -Wno-cast-function-type -Wno-constant-logical-operand -Wno-long-long -Wno-missing-field-initializers -Wno-overlength-strings -Wno-parentheses-equality -Wno-self-assign -Wno-tautological-compare -Wno-unused-parameter -Wno-unused-value -Wunused-variable -Wmisleading-indentation -Wundef -fno-common -pipe conftest.c -L. -L/Users/ttscoff/mise/installs/ruby/3.4.4/lib -L. -fstack-protector-strong -L/opt/homebrew/Cellar/gmp/6.3.0/lib  -arch arm64   -lruby.3.4 -lcmark-gfm  -lpthread  "
In file included from conftest.c:1:
In file included from /Users/ttscoff/mise/installs/ruby/3.4.4/include/ruby-3.4.0/ruby.h:38:
In file included from /Users/ttscoff/mise/installs/ruby/3.4.4/include/ruby-3.4.0/ruby/ruby.h:28:
In file included from /Users/ttscoff/mise/installs/ruby/3.4.4/include/ruby-3.4.0/ruby/internal/arithmetic.h:24:
In file included from /Users/ttscoff/mise/installs/ruby/3.4.4/include/ruby-3.4.0/ruby/internal/arithmetic/char.h:29:
/Users/ttscoff/mise/installs/ruby/3.4.4/include/ruby-3.4.0/ruby/internal/core/rstring.h:398:24: warning: default initialization of an object of type 'struct RString' with const member leaves the object uninitialized [-Wdefault-const-init-field-unsafe]
  398 |         struct RString retval;
      |                        ^
/Users/ttscoff/mise/installs/ruby/3.4.4/include/ruby-3.4.0/ruby/internal/core/rbasic.h:86:17: note: member 'klass' declared 'const' here
   86 |     const VALUE klass;
      |                 ^
1 warning generated.
checked program was:
/* begin */
 1: #include "ruby.h"
 2: 
 3: /*top*/
 4: extern int t(void);
 5: int main(int argc, char **argv)
 6: {
 7:   if (argc > 1000000) {
 8:     int (* volatile tp)(void)=(int (*)(void))&t;
 9:     printf("%d", (*tp)());
10:   }
11: 
12:   return !!argv[argc];
13: }
14: 
15: int t(void) { ; return 0; }
/* end */

--------------------

pkg_config: checking for pkg-config for yaml-0.1... -------------------- ["-I/opt/homebrew/Cellar/libyaml/0.2.5/include ", "-L/opt/homebrew/Cellar/libyaml/0.2.5/lib", "-lyaml"]

DYLD_LIBRARY_PATH=.:/Users/ttscoff/mise/installs/ruby/3.4.4/lib ASAN_OPTIONS=detect_leaks=0 pkg-config --exists yaml-0.1
DYLD_LIBRARY_PATH=.:/Users/ttscoff/mise/installs/ruby/3.4.4/lib ASAN_OPTIONS=detect_leaks=0 pkg-config --libs yaml-0.1 |
=> "-L/opt/homebrew/Cellar/libyaml/0.2.5/lib -lyaml\n"
DYLD_LIBRARY_PATH=.:/Users/ttscoff/mise/installs/ruby/3.4.4/lib ASAN_OPTIONS=detect_leaks=0 "clang -o conftest -I/Users/ttscoff/mise/installs/ruby/3.4.4/include/ruby-3.4.0/arm64-darwin25 -I/Users/ttscoff/mise/installs/ruby/3.4.4/include/ruby-3.4.0/ruby/backward -I/Users/ttscoff/mise/installs/ruby/3.4.4/include/ruby-3.4.0 -I. -I/Users/ttscoff/Desktop/Code/apex-ruby/ext/apex_ext/apex_src/include -I/Users/ttscoff/Desktop/Code/apex-ruby/ext/apex_ext/apex_src/PackageSupport/cmark-gfm -I/Users/ttscoff/Desktop/Code/apex-ruby/ext/apex_ext/apex_src/vendor/cmark-gfm/src -I/Users/ttscoff/Desktop/Code/apex-ruby/ext/apex_ext/apex_src/vendor/cmark-gfm/extensions -D_XOPEN_SOURCE -D_DARWIN_C_SOURCE -D_DARWIN_UNLIMITED_SELECT -D_REENTRANT   -fstack-protector-strong -U_FORTIFY_SOURCE -D_FORTIFY_SOURCE=2 -fdeclspec  -O3 -fno-fast-math -ggdb3 -Wall -Wextra -Wextra-tokens -Wdeprecated-declarations -Wdivision-by-zero -Wdiv-by-zero -Wimplicit-function-declaration -Wimplicit-int -Wpointer-arith -Wshorten-64-to-32 -Wwrite-strings -Wold-style-definition -Wmissing-noreturn -Wno-cast-function-type -Wno-constant-logical-operand -Wno-long-long -Wno-missing-field-initializers -Wno-overlength-strings -Wno-parentheses-equality -Wno-self-assign -Wno-tautological-compare -Wno-unused-parameter -Wno-unused-value -Wunused-variable -Wmisleading-indentation -Wundef -fno-common -pipe conftest.c -L. -L/Users/ttscoff/mise/installs/ruby/3.4.4/lib -L. -fstack-protector-strong -L/opt/homebrew/Cellar/gmp/6.3.0/lib -Wl,-rpath,/opt/homebrew/opt/cmark-gfm/lib -L/opt/homebrew/Cellar/libyaml/0.2.5/lib -lyaml -arch arm64  -lcmark-gfm  -lruby.3.4  -lpthread  "
In file included from conftest.c:1:
In file included from /Users/ttscoff/mise/installs/ruby/3.4.4/include/ruby-3.4.0/ruby.h:38:
In file included from /Users/ttscoff/mise/installs/ruby/3.4.4/include/ruby-3.4.0/ruby/ruby.h:28:
In file included from /Users/ttscoff/mise/installs/ruby/3.4.4/include/ruby-3.4.0/ruby/internal/arithmetic.h:24:
In file included from /Users/ttscoff/mise/installs/ruby/3.4.4/include/ruby-3.4.0/ruby/internal/arithmetic/char.h:29:
/Users/ttscoff/mise/installs/ruby/3.4.4/include/ruby-3.4.0/ruby/internal/core/rstring.h:398:24: warning: default initialization of an object of type 'struct RString' with const member leaves the object uninitialized [-Wdefault-const-init-field-unsafe]
  398 |         struct RString retval;
      |                        ^
/Users/ttscoff/mise/installs/ruby/3.4.4/include/ruby-3.4.0/ruby/internal/core/rbasic.h:86:17: note: member 'klass' declared 'const' here
   86 |     const VALUE klass;
      |                 ^
1 warning generated.
checked program was:
/* begin */
1: #include "ruby.h"
2: 
3: int main(int argc, char **argv)
4: {
5:   return !!argv[argc];
6: }
/* end */

DYLD_LIBRARY_PATH=.:/Users/ttscoff/mise/installs/ruby/3.4.4/lib ASAN_OPTIONS=detect_leaks=0 pkg-config --cflags-only-I yaml-0.1 |
=> "-I/opt/homebrew/Cellar/libyaml/0.2.5/include\n"
DYLD_LIBRARY_PATH=.:/Users/ttscoff/mise/installs/ruby/3.4.4/lib ASAN_OPTIONS=detect_leaks=0 pkg-config --cflags-only-other yaml-0.1 |
=> "\n"
DYLD_LIBRARY_PATH=.:/Users/ttscoff/mise/installs/ruby/3.4.4/lib ASAN_OPTIONS=detect_leaks=0 pkg-config --libs-only-l yaml-0.1 |
=> "-lyaml\n"
package configuration for yaml-0.1
incflags: -I/opt/homebrew/Cellar/libyaml/0.2.5/include
cflags: 
ldflags: -L/opt/homebrew/Cellar/libyaml/0.2.5/lib
libs: -lyaml

--------------------

